Microchip MPLAB XC8 Compiler V2.32

Linker command line:

-W-3 --edf=D:\Program Files\Microchip\xc8\v2.32\pic\dat\en_msgs.txt -cn \
  -h+dist/default/production\fsm_semaphore_hal.production.sym \
  --cmf=dist/default/production\fsm_semaphore_hal.production.cmf -z \
  -Q12F683 -oC:\Temp\xcAspdc.4 --defsym=__MPLAB_BUILD=1 \
  -Mdist/default/production/fsm_semaphore_hal.production.map -E1 \
  -ver=XC8 Compiler --acfsm=1493 -ASTACK=025h-06Fh -pstack=STACK \
  -ACODE=00h-07FFh -ASTRCODE=00h-07FFh -ASTRING=00h-0FFhx8 \
  -ACONST=00h-0FFhx8 -AENTRY=00h-0FFhx8 -ACOMMON=070h-07Fh \
  -ABANK0=020h-06Fh -ABANK1=0A0h-0BFh -ARAM=020h-06Fh,0A0h-0BFh \
  -AABS1=020h-07Fh,0A0h-0BFh -ASFR0=00h-01Fh -ASFR1=080h-09Fh \
  -ACONFIG=02007h-02007h -DCONFIG=2 -AIDLOC=02000h-02003h -DIDLOC=2 \
  -AEEDATA=00h-0FFh/02100h -peeprom_data=EEDATA -DEEDATA=2 -DCODE=2 \
  -DSTRCODE=2 -DSTRING=2 -DCONST=2 -DENTRY=2 \
  -preset_vec=00h,intentry,init,end_init -ppowerup=CODE -pcinit=CODE \
  -pfunctab=ENTRY -k C:\Temp\xcAspdc.o \
  dist/default/production\fsm_semaphore_hal.production.o 

Object code version is 3.11

Machine type is 12F683



                Name                               Link     Load   Length Selector   Space Scale
C:\Temp\xcAspdc.o
                end_init                              0        0        1        0       0
                config                             2007     2007        1        0       4
dist/default/production\fsm_semaphore_hal.production.o
                cinit                               7FE      7FE        2      FFC       0
                config                             2007     2007        1        0       4
                text5                               6B3      6B3        2      D66       0
                text4                               6C6      6C6       15      D8C       0
                text3                               72B      72B       D3      E56       0
                text2                               6B5      6B5       11      D6A       0
                text1                               6DB      6DB       17      DB6       0
                maintext                            6F2      6F2       39      DE4       0
                cstackBANK0                          20       20        5       20       1
                cstackCOMMON                         70       70        D       70       1
                strings                               1        1       50        2       0

TOTAL           Name                               Link     Load   Length     Space
        CLASS   STACK          

        CLASS   CODE           
                end_init                              0        0        1         0
                cinit                               7FE      7FE        2         0
                text5                               6B3      6B3        2         0
                text4                               6C6      6C6       15         0
                text3                               72B      72B       D3         0
                text2                               6B5      6B5       11         0
                text1                               6DB      6DB       17         0
                maintext                            6F2      6F2       39         0

        CLASS   STRCODE        

        CLASS   STRING         
                strings                               1        1       50         0

        CLASS   CONST          

        CLASS   ENTRY          

        CLASS   COMMON         
                cstackCOMMON                         70       70        D         1

        CLASS   BANK0          
                cstackBANK0                          20       20        5         1

        CLASS   BANK1          

        CLASS   RAM            

        CLASS   ABS1           
                abs_s1                               7E       7E        2         1

        CLASS   SFR0           

        CLASS   SFR1           

        CLASS   CONFIG         
                config                             2007     2007        1         4

        CLASS   IDLOC          

        CLASS   EEDATA         



SEGMENTS        Name                           Load    Length   Top    Selector   Space  Class     Delta

                reset_vec                      000000  000001  000001         0       0  CODE        2
                strings                        000001  000050  000051         2       0  STRING      2
                cstackBANK0                    000020  000005  000025        20       1  BANK0       1
                cstackCOMMON                   000070  00000D  00007D        70       1  COMMON      1
                text5                          0006B3  000002  0006B5       D66       0  CODE        2
                text2                          0006B5  000011  0006C6       D6A       0  CODE        2
                text4                          0006C6  000015  0006DB       D8C       0  CODE        2
                text1                          0006DB  000017  0006F2       DB6       0  CODE        2
                maintext                       0006F2  000039  00072B       DE4       0  CODE        2
                text3                          00072B  0000D3  0007FE       E56       0  CODE        2
                cinit                          0007FE  000002  000800       FFC       0  CODE        2


UNUSED ADDRESS RANGES

        Name                Unused          Largest block    Delta
        BANK0            0025-006F             4B           1
        BANK1            00A0-00BF             20           1
        CODE             0051-06B2            662           2
        COMMON           007D-007D              1           1
        CONST            0051-06B2            100           2
        EEDATA           2100-21FF            100           2
        ENTRY            0051-06B2            100           2
        IDLOC            2000-2003              4           2
        RAM              0025-006F             4B           1
                         00A0-00BF             20
        SFR0             0000-001F             20           1
        SFR1             0080-009F             20           1
        STACK            0025-006F             4B           1
        STRCODE          0051-06B2            662           2
        STRING           0051-06B2            100           2

                                  Symbol Table

Gpio_Init@Config            cstackCOMMON 007A
Gpio_Init@i                 cstackCOMMON 007C
Gpio_Init@port              cstackCOMMON 007B
Gpio_Write_Byte@byte        cstackCOMMON 0073
_FSM                        strings      0007
_GP3                        (abs)        002B
_GpioConfig                 strings      0033
_GpioConfigGet              text5        06B3
_GpioDirection              strings      001D
_GpioFunction               strings      001B
_GpioPort                   strings      001F
_Gpio_Init                  text3        072B
_Gpio_Write_Byte            text2        06B5
__Habs1                     abs1         0000
__Hbank0                    bank0        0000
__Hbank1                    bank1        0000
__Hcinit                    cinit        0800
__Hclrtext                  clrtext      0000
__Hcode                     code         0000
__Hcommon                   common       0000
__Hconfig                   config       2008
__HcstackBANK0              cstackBANK0  0000
__HcstackCOMMON             cstackCOMMON 0000
__Heeprom_data              eeprom_data  0000
__Hend_init                 end_init     0001
__Hfunctab                  functab      0000
__Hinit                     init         0000
__Hintentry                 intentry     0000
__Hmaintext                 maintext     0000
__Hpowerup                  powerup      0000
__Hram                      ram          0000
__Hreset_vec                reset_vec    0000
__Hsfr0                     sfr0         0000
__Hsfr1                     sfr1         0000
__Hspace_0                  (abs)        0800
__Hspace_1                  (abs)        007D
__Hspace_2                  (abs)        0000
__Hspace_3                  (abs)        0000
__Hspace_4                  (abs)        400F
__Hstack                    stack        0000
__Hstrings                  strings      0000
__Htext                     text         0000
__Labs1                     abs1         0000
__Lbank0                    bank0        0000
__Lbank1                    bank1        0000
__Lcinit                    cinit        07FE
__Lclrtext                  clrtext      0000
__Lcode                     code         0000
__Lcommon                   common       0000
__Lconfig                   config       0000
__LcstackBANK0              cstackBANK0  0000
__LcstackCOMMON             cstackCOMMON 0000
__Leeprom_data              eeprom_data  0000
__Lend_init                 end_init     0000
__Lfunctab                  functab      0000
__Linit                     init         0000
__Lintentry                 intentry     0000
__Lmaintext                 maintext     0000
__Lpowerup                  powerup      0000
__Lram                      ram          0000
__Lreset_vec                reset_vec    0000
__Lsfr0                     sfr0         0000
__Lsfr1                     sfr1         0000
__Lspace_0                  (abs)        0000
__Lspace_1                  (abs)        0000
__Lspace_2                  (abs)        0000
__Lspace_3                  (abs)        0000
__Lspace_4                  (abs)        0000
__Lstack                    stack        0000
__Lstrings                  strings      0000
__Ltext                     text         0000
__S0                        (abs)        0800
__S1                        (abs)        007D
__S2                        (abs)        0000
__S3                        (abs)        0000
___bmul                     text4        06C6
___bmul@multiplicand        cstackCOMMON 0070
___bmul@multiplier          cstackCOMMON 0073
___bmul@product             cstackCOMMON 0072
___int_sp                   stack        0000
___latbits                  (abs)        0000
___sp                       stack        0000
___stackhi                  (abs)        0000
___stacklo                  (abs)        0000
__end_of_ADCON0             strings      002F
__end_of_ANSEL              strings      0029
__end_of_CMCON0             strings      0031
__end_of_FSM                strings      001B
__end_of_GPIO               strings      0033
__end_of_GpioConfig         strings      0051
__end_of_GpioConfigGet      text5        06B5
__end_of_GpioDirection      strings      001F
__end_of_GpioFunction       strings      001D
__end_of_GpioPort           strings      0021
__end_of_Gpio_Init          text3        07FE
__end_of_Gpio_Write_Byte    text2        06C6
__end_of_OSCCON             strings      002B
__end_of_SystemADConverters strings      0023
__end_of_SystemComparator   strings      0025
__end_of_SystemOscilator    strings      0027
__end_of_TRISIO             strings      002D
__end_of___bmul             text4        06DB
__end_of__initialization    cinit        07FE
__end_of__stringtab         strings      0007
__end_of_delay_ms           text1        06F2
__end_of_main               maintext     072B
__initialization            cinit        07FE
__pcstackBANK0              cstackBANK0  0020
__pcstackCOMMON             cstackCOMMON 0070
__pmaintext                 maintext     06F2
__pstrings                  strings      0001
__ptext1                    text1        06DB
__ptext2                    text2        06B5
__ptext3                    text3        072B
__ptext4                    text4        06C6
__ptext5                    text5        06B3
__size_of_GpioConfigGet     (abs)        0000
__size_of_Gpio_Init         (abs)        0000
__size_of_Gpio_Write_Byte   (abs)        0000
__size_of___bmul            (abs)        0000
__size_of_delay_ms          (abs)        0000
__size_of_main              (abs)        0000
__stringbase                strings      0006
__stringtab                 strings      0001
_delay_ms                   text1        06DB
_main                       maintext     06F2
btemp                       (abs)        007E
delay_ms@tempo              cstackCOMMON 0074
end_of_initialization       cinit        07FE
intlevel0                   functab      0000
intlevel1                   functab      0000
intlevel2                   functab      0000
intlevel3                   functab      0000
intlevel4                   functab      0000
intlevel5                   functab      0000
main@config                 cstackBANK0  0023
main@estado                 cstackBANK0  0024
reset_vec                   reset_vec    0000
start                       init         0000
start_initialization        cinit        07FE
wtemp0                      (abs)        007E


MODULE INFORMATION

Module		Function		Class		Link	Load	Size
./pic12f683.h
		_Gpio_Init     		CODE           	072B	0000	211
		_Gpio_Write_Byte		CODE           	06B5	0000	17

./pic12f683.h estimated size: 228

D:\Program Files\Microchip\xc8\v2.32\pic\sources\c90\common\Umul8.c
		___bmul        		CODE           	06C6	0000	21

D:\Program Files\Microchip\xc8\v2.32\pic\sources\c90\common\Umul8.c estimated size: 21

shared
		_ANSEL         		STRING         	0000	0000	0
		_CMCON0        		STRING         	0000	0000	0
		__stringtab    		STRING         	0001	0000	6
		_SystemOscilator		STRING         	0000	0000	0
		_GpioFunction  		STRING         	001B	0000	2
		_GPIO          		STRING         	0000	0000	0
		__initialization		CODE           	07FE	0000	1
		_SystemComparator		STRING         	0000	0000	0
		_GpioPort      		STRING         	001F	0000	2
		_GpioDirection 		STRING         	001D	0000	2
		_GpioConfig    		STRING         	0033	0000	30
		_TRISIO        		STRING         	0000	0000	0
		_OSCCON        		STRING         	0000	0000	0
		_ADCON0        		STRING         	0000	0000	0
		_SystemADConverters		STRING         	0000	0000	0
		_FSM           		STRING         	0007	0000	20

shared estimated size: 63

gpio_config.c
		_GpioConfigGet 		CODE           	06B3	0000	2

gpio_config.c estimated size: 2

main.c
		_main          		CODE           	06F2	0000	57
		_delay_ms      		CODE           	06DB	0000	23

main.c estimated size: 80

